###############################################################################
#
# IAR ELF Linker V8.40.1.212/W32 for ARM                  04/Jan/2020  19:21:59
# Copyright 2007-2019 IAR Systems AB.
#
#    Output file  =
#        E:\Project\IAR\Keyboard-70%\EWARM\Keyboard-70%\Exe\Keyboard-70%.out
#    Map file     =
#        E:\Project\IAR\Keyboard-70%\EWARM\Keyboard-70%\List\Keyboard-70%.map
#    Command line =
#        -f C:\Users\IOTsuyan\AppData\Local\Temp\EW6622.tmp
#        (E:\Project\IAR\Keyboard-70%\EWARM\Keyboard-70%\Obj\gpio.o
#        E:\Project\IAR\Keyboard-70%\EWARM\Keyboard-70%\Obj\i2c.o
#        E:\Project\IAR\Keyboard-70%\EWARM\Keyboard-70%\Obj\main.o
#        E:\Project\IAR\Keyboard-70%\EWARM\Keyboard-70%\Obj\startup_stm32f401xc.o
#        E:\Project\IAR\Keyboard-70%\EWARM\Keyboard-70%\Obj\stm32f4xx_hal.o
#        E:\Project\IAR\Keyboard-70%\EWARM\Keyboard-70%\Obj\stm32f4xx_hal_cortex.o
#        E:\Project\IAR\Keyboard-70%\EWARM\Keyboard-70%\Obj\stm32f4xx_hal_dma.o
#        E:\Project\IAR\Keyboard-70%\EWARM\Keyboard-70%\Obj\stm32f4xx_hal_dma_ex.o
#        E:\Project\IAR\Keyboard-70%\EWARM\Keyboard-70%\Obj\stm32f4xx_hal_exti.o
#        E:\Project\IAR\Keyboard-70%\EWARM\Keyboard-70%\Obj\stm32f4xx_hal_flash.o
#        E:\Project\IAR\Keyboard-70%\EWARM\Keyboard-70%\Obj\stm32f4xx_hal_flash_ex.o
#        E:\Project\IAR\Keyboard-70%\EWARM\Keyboard-70%\Obj\stm32f4xx_hal_flash_ramfunc.o
#        E:\Project\IAR\Keyboard-70%\EWARM\Keyboard-70%\Obj\stm32f4xx_hal_gpio.o
#        E:\Project\IAR\Keyboard-70%\EWARM\Keyboard-70%\Obj\stm32f4xx_hal_i2c.o
#        E:\Project\IAR\Keyboard-70%\EWARM\Keyboard-70%\Obj\stm32f4xx_hal_i2c_ex.o
#        E:\Project\IAR\Keyboard-70%\EWARM\Keyboard-70%\Obj\stm32f4xx_hal_msp.o
#        E:\Project\IAR\Keyboard-70%\EWARM\Keyboard-70%\Obj\stm32f4xx_hal_pcd.o
#        E:\Project\IAR\Keyboard-70%\EWARM\Keyboard-70%\Obj\stm32f4xx_hal_pcd_ex.o
#        E:\Project\IAR\Keyboard-70%\EWARM\Keyboard-70%\Obj\stm32f4xx_hal_pwr.o
#        E:\Project\IAR\Keyboard-70%\EWARM\Keyboard-70%\Obj\stm32f4xx_hal_pwr_ex.o
#        E:\Project\IAR\Keyboard-70%\EWARM\Keyboard-70%\Obj\stm32f4xx_hal_rcc.o
#        E:\Project\IAR\Keyboard-70%\EWARM\Keyboard-70%\Obj\stm32f4xx_hal_rcc_ex.o
#        E:\Project\IAR\Keyboard-70%\EWARM\Keyboard-70%\Obj\stm32f4xx_hal_tim.o
#        E:\Project\IAR\Keyboard-70%\EWARM\Keyboard-70%\Obj\stm32f4xx_hal_tim_ex.o
#        E:\Project\IAR\Keyboard-70%\EWARM\Keyboard-70%\Obj\stm32f4xx_hal_uart.o
#        E:\Project\IAR\Keyboard-70%\EWARM\Keyboard-70%\Obj\stm32f4xx_it.o
#        E:\Project\IAR\Keyboard-70%\EWARM\Keyboard-70%\Obj\stm32f4xx_ll_usb.o
#        E:\Project\IAR\Keyboard-70%\EWARM\Keyboard-70%\Obj\system_stm32f4xx.o
#        E:\Project\IAR\Keyboard-70%\EWARM\Keyboard-70%\Obj\usart.o
#        E:\Project\IAR\Keyboard-70%\EWARM\Keyboard-70%\Obj\usb_device.o
#        E:\Project\IAR\Keyboard-70%\EWARM\Keyboard-70%\Obj\usbd_conf.o
#        E:\Project\IAR\Keyboard-70%\EWARM\Keyboard-70%\Obj\usbd_core.o
#        E:\Project\IAR\Keyboard-70%\EWARM\Keyboard-70%\Obj\usbd_ctlreq.o
#        E:\Project\IAR\Keyboard-70%\EWARM\Keyboard-70%\Obj\usbd_custom_hid_if.o
#        E:\Project\IAR\Keyboard-70%\EWARM\Keyboard-70%\Obj\usbd_customhid.o
#        E:\Project\IAR\Keyboard-70%\EWARM\Keyboard-70%\Obj\usbd_desc.o
#        E:\Project\IAR\Keyboard-70%\EWARM\Keyboard-70%\Obj\usbd_ioreq.o
#        --redirect _Printf=_PrintfFull --redirect _Scanf=_ScanfFull
#        --no_out_extension -o
#        E:\Project\IAR\Keyboard-70%\EWARM\Keyboard-70%\Exe\Keyboard-70%.out
#        --map
#        E:\Project\IAR\Keyboard-70%\EWARM\Keyboard-70%\List\Keyboard-70%.map
#        --config E:\Project\IAR\Keyboard-70%\EWARM/stm32f401xc_flash.icf
#        --semihosting --entry __iar_program_start --vfe --text_out locale)
#
###############################################################################

*******************************************************************************
*** RUNTIME MODEL ATTRIBUTES
***

CppFlavor       = *
__Heap_Handler  = DLMalloc
__SystemLibrary = DLib
__dlib_version  = 6


*******************************************************************************
*** HEAP SELECTION
***

The advanced heap was selected because the application calls memory
allocation functions outside of system library functions, and there
are calls to deallocation functions in the application.


*******************************************************************************
*** PLACEMENT SUMMARY
***

"A0":  place at address 0x800'0000 { ro section .intvec };
"P1":  place in [from 0x800'0000 to 0x803'ffff] { ro };
define block CSTACK with size = 1K, alignment = 8 { };
define block HEAP with size = 512, alignment = 8 { };
"P2":  place in [from 0x2000'0000 to 0x2000'ffff] {
          rw, block CSTACK, block HEAP };
initialize by copy { rw };

  Section            Kind         Address    Size  Object
  -------            ----         -------    ----  ------
"A0":                                       0x194
  .intvec            ro code   0x800'0000   0x194  startup_stm32f401xc.o [1]
                             - 0x800'0194   0x194

"P1":                                      0x4674
  .text              ro code   0x800'0194  0x149c  dlmalloc.o [2]
  .text              ro code   0x800'1630     0x6  abort.o [2]
  .text              ro code   0x800'1636    0x3a  zero_init3.o [4]
  .text              ro code   0x800'1670    0x2c  xgetmemchunk.o [2]
  .text              ro code   0x800'169c    0x14  exit.o [5]
  .text              ro code   0x800'16b0   0x8ca  stm32f4xx_ll_usb.o [1]
  .text              ro code   0x800'1f7c    0x28  stm32f4xx_hal.o [1]
  .text              ro code   0x800'1fa4     0xc  stm32f4xx_hal.o [1]
  .text              ro code   0x800'1fb0   0x84c  stm32f4xx_hal_pcd.o [1]
  .text              ro code   0x800'27fc   0x236  usbd_conf.o [1]
  .text              ro code   0x800'2a34    0x18  ABImemcpy_small.o [4]
  .text              ro code   0x800'2a4c    0x4c  stm32f4xx_hal_pcd_ex.o [1]
  .text              ro code   0x800'2a98   0x1ac  stm32f4xx_hal_rcc.o [1]
  .text              ro code   0x800'2c44     0x6  ABImemclr4.o [4]
  .text              ro code   0x800'2c4c   0x1bc  stm32f4xx_hal_gpio.o [1]
  .text              ro code   0x800'2e08    0xc4  stm32f4xx_hal_cortex.o [1]
  .text              ro code   0x800'2ecc   0x294  usbd_core.o [1]
  .text              ro code   0x800'3160    0xba  main.o [1]
  .text              ro code   0x800'321c    0x40  stm32f4xx_hal.o [1]
  .text              ro code   0x800'325c   0x106  I64DivMod_small.o [4]
  .text              ro code   0x800'3364    0x32  ABImemset48.o [4]
  .text              ro code   0x800'3398   0x442  usbd_ctlreq.o [1]
  .text              ro code   0x800'37da    0x60  usbd_ioreq.o [1]
  .text              ro code   0x800'383c    0x34  stm32f4xx_hal.o [1]
  .text              ro code   0x800'3870    0x94  gpio.o [1]
  .text              ro code   0x800'3904    0xac  i2c.o [1]
  .text              ro code   0x800'39b0    0xd8  usart.o [1]
  .text              ro code   0x800'3a88    0x54  usb_device.o [1]
  .text              ro code   0x800'3adc   0x2d0  stm32f4xx_hal_rcc.o [1]
  .text              ro code   0x800'3dac     0x2  I64DivZer.o [4]
  .text              ro code   0x800'3db0    0x38  stm32f4xx_hal_msp.o [1]
  .text              ro code   0x800'3de8    0x14  memset.o [4]
  .text              ro code   0x800'3dfc   0x13c  stm32f4xx_hal_i2c.o [1]
  .text              ro code   0x800'3f38   0x200  stm32f4xx_hal_uart.o [1]
  .text              ro code   0x800'4138   0x1ee  usbd_customhid.o [1]
  .text              ro code   0x800'4328    0x66  ABImemset.o [4]
  .text              ro code   0x800'438e     0x4  heaptramp0.o [2]
  .text              ro code   0x800'4394   0x110  usbd_desc.o [1]
  .text              ro code   0x800'44a4    0x78  lz77_init_single.o [4]
  .text              ro code   0x800'451c    0x60  system_stm32f4xx.o [1]
  .text              ro code   0x800'457c    0x28  data_init.o [4]
  .text              ro code   0x800'45a4    0x22  fpinit_M.o [3]
  .iar.init_table    const     0x800'45c8    0x20  - Linker created -
  .text              ro code   0x800'45e8    0x20  stm32f4xx_it.o [1]
  .text              ro code   0x800'4608    0x10  stm32f4xx_hal.o [1]
  .text              ro code   0x800'4618    0x1e  cmain.o [4]
  .text              ro code   0x800'4636     0x4  low_level_init.o [2]
  .text              ro code   0x800'463a     0x4  exit.o [2]
  .text              ro code   0x800'4640     0xa  cexit.o [4]
  .text              ro code   0x800'464c    0x10  startup_stm32f401xc.o [1]
  .text              ro code   0x800'465c     0xc  usbd_custom_hid_if.o [1]
  .text              ro code   0x800'4668     0xc  cstartup_M.o [4]
  .rodata            const     0x800'4674     0x8  system_stm32f4xx.o [1]
  .text              ro code   0x800'467c     0x4  startup_stm32f401xc.o [1]
  .text              ro code   0x800'4680     0x4  startup_stm32f401xc.o [1]
  .text              ro code   0x800'4684     0x4  startup_stm32f401xc.o [1]
  .text              ro code   0x800'4688     0x4  startup_stm32f401xc.o [1]
  .text              ro code   0x800'468c     0x4  startup_stm32f401xc.o [1]
  .text              ro code   0x800'4690     0x4  startup_stm32f401xc.o [1]
  .text              ro code   0x800'4694     0x4  startup_stm32f401xc.o [1]
  .text              ro code   0x800'4698     0x4  startup_stm32f401xc.o [1]
  .text              ro code   0x800'469c     0x4  startup_stm32f401xc.o [1]
  .text              ro code   0x800'46a0     0x4  startup_stm32f401xc.o [1]
  .text              ro code   0x800'46a4     0x4  startup_stm32f401xc.o [1]
  .text              ro code   0x800'46a8     0x4  startup_stm32f401xc.o [1]
  .text              ro code   0x800'46ac     0x4  startup_stm32f401xc.o [1]
  .text              ro code   0x800'46b0     0x4  startup_stm32f401xc.o [1]
  .text              ro code   0x800'46b4     0x4  startup_stm32f401xc.o [1]
  .text              ro code   0x800'46b8     0x4  startup_stm32f401xc.o [1]
  .text              ro code   0x800'46bc     0x4  startup_stm32f401xc.o [1]
  .text              ro code   0x800'46c0     0x4  startup_stm32f401xc.o [1]
  .text              ro code   0x800'46c4     0x4  startup_stm32f401xc.o [1]
  .text              ro code   0x800'46c8     0x4  startup_stm32f401xc.o [1]
  .text              ro code   0x800'46cc     0x4  startup_stm32f401xc.o [1]
  .text              ro code   0x800'46d0     0x4  startup_stm32f401xc.o [1]
  .text              ro code   0x800'46d4     0x4  startup_stm32f401xc.o [1]
  .text              ro code   0x800'46d8     0x4  startup_stm32f401xc.o [1]
  .text              ro code   0x800'46dc     0x4  startup_stm32f401xc.o [1]
  .text              ro code   0x800'46e0     0x4  startup_stm32f401xc.o [1]
  .text              ro code   0x800'46e4     0x4  startup_stm32f401xc.o [1]
  .text              ro code   0x800'46e8     0x4  startup_stm32f401xc.o [1]
  .text              ro code   0x800'46ec     0x4  startup_stm32f401xc.o [1]
  .text              ro code   0x800'46f0     0x4  startup_stm32f401xc.o [1]
  .text              ro code   0x800'46f4     0x4  startup_stm32f401xc.o [1]
  .text              ro code   0x800'46f8     0x4  startup_stm32f401xc.o [1]
  .text              ro code   0x800'46fc     0x4  startup_stm32f401xc.o [1]
  .text              ro code   0x800'4700     0x4  startup_stm32f401xc.o [1]
  .text              ro code   0x800'4704     0x4  startup_stm32f401xc.o [1]
  .text              ro code   0x800'4708     0x4  startup_stm32f401xc.o [1]
  .text              ro code   0x800'470c     0x4  startup_stm32f401xc.o [1]
  .text              ro code   0x800'4710     0x4  startup_stm32f401xc.o [1]
  .text              ro code   0x800'4714     0x4  startup_stm32f401xc.o [1]
  .text              ro code   0x800'4718     0x4  startup_stm32f401xc.o [1]
  .text              ro code   0x800'471c     0x4  startup_stm32f401xc.o [1]
  .text              ro code   0x800'4720     0x4  startup_stm32f401xc.o [1]
  .text              ro code   0x800'4724     0x4  startup_stm32f401xc.o [1]
  .text              ro code   0x800'4728     0x4  startup_stm32f401xc.o [1]
  .text              ro code   0x800'472c     0x4  startup_stm32f401xc.o [1]
  .text              ro code   0x800'4730     0x4  startup_stm32f401xc.o [1]
  .text              ro code   0x800'4734     0x4  startup_stm32f401xc.o [1]
  .text              ro code   0x800'4738     0x4  startup_stm32f401xc.o [1]
  .text              ro code   0x800'473c     0x4  startup_stm32f401xc.o [1]
  .text              ro code   0x800'4740     0x4  startup_stm32f401xc.o [1]
  .text              ro code   0x800'4744     0x4  startup_stm32f401xc.o [1]
  .text              ro code   0x800'4748     0x4  startup_stm32f401xc.o [1]
  .text              ro code   0x800'474c     0x4  startup_stm32f401xc.o [1]
  .text              ro code   0x800'4750     0x4  startup_stm32f401xc.o [1]
  .text              ro code   0x800'4754     0x4  startup_stm32f401xc.o [1]
  .rodata            const     0x800'4758     0x0  zero_init3.o [4]
  .rodata            const     0x800'4758     0x0  lz77_init_single.o [4]
  Initializer bytes  const     0x800'4758    0xb0  <for P2-1>
                             - 0x800'4808  0x4674

"P2", part 1 of 3:                          0x146
  P2-1                        0x2000'0000   0x146  <Init block>
    .data            inited   0x2000'0000     0xc  stm32f4xx_hal.o [1]
    .data            inited   0x2000'000c     0x4  system_stm32f4xx.o [1]
    .data            inited   0x2000'0010    0x10  usbd_custom_hid_if.o [1]
    .data            inited   0x2000'0020    0x38  usbd_customhid.o [1]
    .data            inited   0x2000'0058    0x2c  usbd_customhid.o [1]
    .data            inited   0x2000'0084    0x2c  usbd_customhid.o [1]
    .data            inited   0x2000'00b0    0x2c  usbd_customhid.o [1]
    .data            inited   0x2000'00dc     0xc  usbd_customhid.o [1]
    .data            inited   0x2000'00e8     0xc  usbd_customhid.o [1]
    .data            inited   0x2000'00f4    0x1c  usbd_desc.o [1]
    .data            inited   0x2000'0110    0x14  usbd_desc.o [1]
    .data            inited   0x2000'0124     0x4  usbd_desc.o [1]
    .data            inited   0x2000'0128    0x1c  usbd_desc.o [1]
    .data            inited   0x2000'0144     0x2  usbd_custom_hid_if.o [1]
                            - 0x2000'0146   0x146

"P2", part 2 of 3:                          0xb30
  .bss               zero     0x2000'0148   0x408  usbd_conf.o [1]
  .bss               zero     0x2000'0550   0x29c  usb_device.o [1]
  .bss               zero     0x2000'07ec   0x200  usbd_desc.o [1]
  .bss               zero     0x2000'09ec   0x1d8  dlmalloc.o [2]
  .bss               zero     0x2000'0bc4    0x54  i2c.o [1]
  .bss               zero     0x2000'0c18    0x40  usart.o [1]
  .bss               zero     0x2000'0c58    0x18  dlmalloc.o [2]
  .bss               zero     0x2000'0c70     0x4  xgetmemchunk.o [2]
  .bss               zero     0x2000'0c74     0x1  usbd_ctlreq.o [1]
                            - 0x2000'0c75   0xb2d

"P2", part 3 of 3:                          0x600
  CSTACK                      0x2000'0c78   0x400  <Block>
    CSTACK           uninit   0x2000'0c78   0x400  <Block tail>
  HEAP                        0x2000'1078   0x200  <Block>
    HEAP             uninit   0x2000'1078   0x200  <Block tail>
                            - 0x2000'1278   0x600

Unused ranges:

         From           To      Size
         ----           --      ----
   0x800'4808   0x803'ffff  0x3'b7f8
  0x2000'0146  0x2000'0147       0x2
  0x2000'1278  0x2000'ffff    0xed88


*******************************************************************************
*** INIT TABLE
***

          Address      Size
          -------      ----
Zero (__iar_zero_init3)
    1 destination range, total size 0xb2d:
          0x2000'0148  0xb2d

Copy/lz77 (__iar_lz77_init_single3)
    1 source range, total size 0xb0 (53% of destination):
           0x800'4758   0xb0
    1 destination range, total size 0x146:
          0x2000'0000  0x146



*******************************************************************************
*** MODULE SUMMARY
***

    Module                  ro code  ro data  rw data
    ------                  -------  -------  -------
command line/config:
    -------------------------------------------------
    Total:

E:\Project\IAR\Keyboard-70%\EWARM\Keyboard-70%\Obj: [1]
    gpio.o                      148
    i2c.o                       172                84
    main.o                      186
    startup_stm32f401xc.o       640
    stm32f4xx_hal.o             184        6       12
    stm32f4xx_hal_cortex.o      196
    stm32f4xx_hal_gpio.o        444
    stm32f4xx_hal_i2c.o         316
    stm32f4xx_hal_msp.o          56
    stm32f4xx_hal_pcd.o       2'124
    stm32f4xx_hal_pcd_ex.o       76
    stm32f4xx_hal_rcc.o       1'148
    stm32f4xx_hal_uart.o        512
    stm32f4xx_it.o               32
    stm32f4xx_ll_usb.o        2'250
    system_stm32f4xx.o           96       10        4
    usart.o                     216                64
    usb_device.o                 84               668
    usbd_conf.o                 566             1'032
    usbd_core.o                 660
    usbd_ctlreq.o             1'090                 1
    usbd_custom_hid_if.o         12       11       18
    usbd_customhid.o            494      114      212
    usbd_desc.o                 272       43      592
    usbd_ioreq.o                 96
    -------------------------------------------------
    Total:                   12'070      184    2'687

dl7M_tlf.a: [2]
    abort.o                       6
    dlmalloc.o                5'276               496
    exit.o                        4
    heaptramp0.o                  4
    low_level_init.o              4
    xgetmemchunk.o               44                 4
    -------------------------------------------------
    Total:                    5'338               500

m7M_tls.a: [3]
    fpinit_M.o                   34
    -------------------------------------------------
    Total:                       34

rt7M_tl.a: [4]
    ABImemclr4.o                  6
    ABImemcpy_small.o            24
    ABImemset.o                 102
    ABImemset48.o                50
    I64DivMod_small.o           262
    I64DivZer.o                   2
    cexit.o                      10
    cmain.o                      30
    cstartup_M.o                 12
    data_init.o                  40
    lz77_init_single.o          120
    memset.o                     20
    zero_init3.o                 58
    -------------------------------------------------
    Total:                      736

shb_l.a: [5]
    exit.o                       20
    -------------------------------------------------
    Total:                       20

    Gaps                         24        2
    Linker created                        32    1'536
-----------------------------------------------------
    Grand Total:             18'222      218    4'723


*******************************************************************************
*** ENTRY LIST
***

Entry                       Address   Size  Type      Object
-----                       -------   ----  ----      ------
.iar.init_table$$Base    0x800'45c8          --   Gb  - Linker created -
.iar.init_table$$Limit   0x800'45e8          --   Gb  - Linker created -
?main                    0x800'4619         Code  Gb  cmain.o [4]
AHBPrescTable            0x800'456c   0x10  Data  Gb  system_stm32f4xx.o [1]
APBPrescTable            0x800'4674    0x8  Data  Gb  system_stm32f4xx.o [1]
BusFault_Handler         0x800'45ef    0x2  Code  Gb  stm32f4xx_it.o [1]
CSTACK$$Base            0x2000'0c78          --   Gb  - Linker created -
CSTACK$$Limit           0x2000'1078          --   Gb  - Linker created -
CUSTOM_HID_DeInit_FS     0x800'4661    0x4  Code  Lc  usbd_custom_hid_if.o [1]
CUSTOM_HID_Init_FS       0x800'465d    0x4  Code  Lc  usbd_custom_hid_if.o [1]
CUSTOM_HID_OutEvent_FS   0x800'4665    0x4  Code  Lc  usbd_custom_hid_if.o [1]
CUSTOM_HID_ReportDesc_FS
                        0x2000'0144    0x2  Data  Lc  usbd_custom_hid_if.o [1]
DebugMon_Handler         0x800'45f5    0x2  Code  Gb  stm32f4xx_it.o [1]
Error_Handler            0x800'3219    0x2  Code  Gb  main.o [1]
FS_Desc                 0x2000'00f4   0x1c  Data  Gb  usbd_desc.o [1]
HAL_Delay                0x800'1f7d   0x28  Code  Wk  stm32f4xx_hal.o [1]
HAL_GPIO_Init            0x800'2c4d  0x194  Code  Gb  stm32f4xx_hal_gpio.o [1]
HAL_GPIO_WritePin        0x800'2de1    0x8  Code  Gb  stm32f4xx_hal_gpio.o [1]
HAL_GetTick              0x800'1fa5    0xc  Code  Wk  stm32f4xx_hal.o [1]
HAL_I2C_Init             0x800'3dfd  0x118  Code  Gb  stm32f4xx_hal_i2c.o [1]
HAL_I2C_MspInit          0x800'3935   0x68  Code  Gb  i2c.o [1]
HAL_IncTick              0x800'4609   0x10  Code  Wk  stm32f4xx_hal.o [1]
HAL_Init                 0x800'383d   0x30  Code  Gb  stm32f4xx_hal.o [1]
HAL_InitTick             0x800'321d   0x40  Code  Wk  stm32f4xx_hal.o [1]
HAL_MspInit              0x800'3db1   0x38  Code  Gb  stm32f4xx_hal_msp.o [1]
HAL_NVIC_EnableIRQ       0x800'2e77   0x16  Code  Gb  stm32f4xx_hal_cortex.o [1]
HAL_NVIC_SetPriority     0x800'2e3d   0x3a  Code  Gb  stm32f4xx_hal_cortex.o [1]
HAL_NVIC_SetPriorityGrouping
                         0x800'2e23   0x1a  Code  Gb  stm32f4xx_hal_cortex.o [1]
HAL_PCDEx_LPM_Callback   0x800'2a97    0x2  Code  Wk  stm32f4xx_hal_pcd_ex.o [1]
HAL_PCDEx_SetRxFiFo      0x800'2a8f    0x8  Code  Gb  stm32f4xx_hal_pcd_ex.o [1]
HAL_PCDEx_SetTxFiFo      0x800'2a4d   0x42  Code  Gb  stm32f4xx_hal_pcd_ex.o [1]
HAL_PCD_ConnectCallback
                         0x800'2919    0x8  Code  Gb  usbd_conf.o [1]
HAL_PCD_DataInStageCallback
                         0x800'2899   0x12  Code  Gb  usbd_conf.o [1]
HAL_PCD_DataOutStageCallback
                         0x800'2885   0x14  Code  Gb  usbd_conf.o [1]
HAL_PCD_DisconnectCallback
                         0x800'2921    0x8  Code  Gb  usbd_conf.o [1]
HAL_PCD_EP_Close         0x800'26a7   0x20  Code  Gb  stm32f4xx_hal_pcd.o [1]
HAL_PCD_EP_ClrStall      0x800'2799   0x2e  Code  Gb  stm32f4xx_hal_pcd.o [1]
HAL_PCD_EP_Open          0x800'2651   0x56  Code  Gb  stm32f4xx_hal_pcd.o [1]
HAL_PCD_EP_Receive       0x800'26c7   0x16  Code  Gb  stm32f4xx_hal_pcd.o [1]
HAL_PCD_EP_SetStall      0x800'272d   0x64  Code  Gb  stm32f4xx_hal_pcd.o [1]
HAL_PCD_EP_Transmit      0x800'26dd   0x12  Code  Gb  stm32f4xx_hal_pcd.o [1]
HAL_PCD_IRQHandler       0x800'2099  0x532  Code  Gb  stm32f4xx_hal_pcd.o [1]
HAL_PCD_ISOINIncompleteCallback
                         0x800'2911    0x8  Code  Gb  usbd_conf.o [1]
HAL_PCD_ISOOUTIncompleteCallback
                         0x800'2909    0x8  Code  Gb  usbd_conf.o [1]
HAL_PCD_Init             0x800'1fb1   0xb8  Code  Gb  stm32f4xx_hal_pcd.o [1]
HAL_PCD_MspInit          0x800'27fd   0x7c  Code  Gb  usbd_conf.o [1]
HAL_PCD_ResetCallback    0x800'28b3   0x24  Code  Gb  usbd_conf.o [1]
HAL_PCD_ResumeCallback   0x800'2901    0x8  Code  Gb  usbd_conf.o [1]
HAL_PCD_SOFCallback      0x800'28ab    0x8  Code  Gb  usbd_conf.o [1]
HAL_PCD_SetAddress       0x800'2623   0x1c  Code  Gb  stm32f4xx_hal_pcd.o [1]
HAL_PCD_SetupStageCallback
                         0x800'2879    0xc  Code  Gb  usbd_conf.o [1]
HAL_PCD_Start            0x800'2081   0x18  Code  Gb  stm32f4xx_hal_pcd.o [1]
HAL_PCD_SuspendCallback
                         0x800'28d7   0x2a  Code  Gb  usbd_conf.o [1]
HAL_RCC_ClockConfig      0x800'2a99   0xfe  Code  Gb  stm32f4xx_hal_rcc.o [1]
HAL_RCC_GetHCLKFreq      0x800'2ba3    0x6  Code  Gb  stm32f4xx_hal_rcc.o [1]
HAL_RCC_GetPCLK1Freq     0x800'2ba9   0x10  Code  Gb  stm32f4xx_hal_rcc.o [1]
HAL_RCC_GetPCLK2Freq     0x800'2bb9    0xe  Code  Gb  stm32f4xx_hal_rcc.o [1]
HAL_RCC_OscConfig        0x800'3add  0x2d0  Code  Wk  stm32f4xx_hal_rcc.o [1]
HAL_SYSTICK_Config       0x800'2e8d   0x28  Code  Gb  stm32f4xx_hal_cortex.o [1]
HAL_UART_Init            0x800'3f39   0x1e  Code  Gb  stm32f4xx_hal_uart.o [1]
HAL_UART_MspInit         0x800'39df   0x96  Code  Gb  usart.o [1]
HEAP$$Base              0x2000'1078          --   Gb  - Linker created -
HEAP$$Limit             0x2000'1278          --   Gb  - Linker created -
HardFault_Handler        0x800'45eb    0x2  Code  Gb  stm32f4xx_it.o [1]
IntToUnicode             0x800'4425   0x26  Code  Lc  usbd_desc.o [1]
MX_GPIO_Init             0x800'3871   0x94  Code  Gb  gpio.o [1]
MX_I2C1_Init             0x800'3905   0x30  Code  Gb  i2c.o [1]
MX_USART1_UART_Init      0x800'39b1   0x2e  Code  Gb  usart.o [1]
MX_USB_DEVICE_Init       0x800'3a89   0x54  Code  Gb  usb_device.o [1]
MemManage_Handler        0x800'45ed    0x2  Code  Gb  stm32f4xx_it.o [1]
NMI_Handler              0x800'45e9    0x2  Code  Gb  stm32f4xx_it.o [1]
OTG_FS_IRQHandler        0x800'45fd    0x6  Code  Gb  stm32f4xx_it.o [1]
PendSV_Handler           0x800'45f7    0x2  Code  Gb  stm32f4xx_it.o [1]
Region$$Table$$Base      0x800'45c8          --   Gb  - Linker created -
Region$$Table$$Limit     0x800'45e8          --   Gb  - Linker created -
SVC_Handler              0x800'45f3    0x2  Code  Gb  stm32f4xx_it.o [1]
SysTick_Handler          0x800'45f9    0x4  Code  Gb  stm32f4xx_it.o [1]
SystemClock_Config       0x800'317d   0x94  Code  Gb  main.o [1]
SystemCoreClock         0x2000'000c    0x4  Data  Gb  system_stm32f4xx.o [1]
SystemInit               0x800'451d   0x3a  Code  Gb  system_stm32f4xx.o [1]
UART_SetConfig           0x800'3faf  0x13e  Code  Lc  stm32f4xx_hal_uart.o [1]
USBD_CUSTOM_HID         0x2000'0020   0x38  Data  Gb  usbd_customhid.o [1]
USBD_CUSTOM_HID_CfgFSDesc
                        0x2000'0058   0x2c  Data  Lc  usbd_customhid.o [1]
USBD_CUSTOM_HID_CfgHSDesc
                        0x2000'0084   0x2c  Data  Lc  usbd_customhid.o [1]
USBD_CUSTOM_HID_DataIn   0x800'42ab    0xc  Code  Lc  usbd_customhid.o [1]
USBD_CUSTOM_HID_DataOut
                         0x800'42b7   0x24  Code  Lc  usbd_customhid.o [1]
USBD_CUSTOM_HID_DeInit   0x800'418b   0x38  Code  Lc  usbd_customhid.o [1]
USBD_CUSTOM_HID_Desc    0x2000'00dc    0xc  Data  Lc  usbd_customhid.o [1]
USBD_CUSTOM_HID_DeviceQualifierDesc
                        0x2000'00e8    0xc  Data  Lc  usbd_customhid.o [1]
USBD_CUSTOM_HID_EP0_RxReady
                         0x800'42db   0x20  Code  Lc  usbd_customhid.o [1]
USBD_CUSTOM_HID_GetDeviceQualifierDesc
                         0x800'42fb    0x8  Code  Lc  usbd_customhid.o [1]
USBD_CUSTOM_HID_GetFSCfgDesc
                         0x800'4293    0x8  Code  Lc  usbd_customhid.o [1]
USBD_CUSTOM_HID_GetHSCfgDesc
                         0x800'429b    0x8  Code  Lc  usbd_customhid.o [1]
USBD_CUSTOM_HID_GetOtherSpeedCfgDesc
                         0x800'42a3    0x8  Code  Lc  usbd_customhid.o [1]
USBD_CUSTOM_HID_Init     0x800'4139   0x52  Code  Lc  usbd_customhid.o [1]
USBD_CUSTOM_HID_OtherSpeedCfgDesc
                        0x2000'00b0   0x2c  Data  Lc  usbd_customhid.o [1]
USBD_CUSTOM_HID_RegisterInterface
                         0x800'4319    0xe  Code  Gb  usbd_customhid.o [1]
USBD_CUSTOM_HID_Setup    0x800'41c3   0xd0  Code  Lc  usbd_customhid.o [1]
USBD_ClrClassConfig      0x800'2f23    0xa  Code  Gb  usbd_core.o [1]
USBD_CtlContinueRx       0x800'380f    0x4  Code  Gb  usbd_ioreq.o [1]
USBD_CtlContinueSendData
                         0x800'37eb    0x4  Code  Gb  usbd_ioreq.o [1]
USBD_CtlError            0x800'377f   0x16  Code  Gb  usbd_ctlreq.o [1]
USBD_CtlPrepareRx        0x800'37fb   0x14  Code  Gb  usbd_ioreq.o [1]
USBD_CtlReceiveStatus    0x800'382d    0xe  Code  Gb  usbd_ioreq.o [1]
USBD_CtlSendData         0x800'37db   0x10  Code  Gb  usbd_ioreq.o [1]
USBD_CtlSendStatus       0x800'381f    0xe  Code  Gb  usbd_ioreq.o [1]
USBD_CustomHID_fops_FS  0x2000'0010   0x10  Data  Gb  usbd_custom_hid_if.o [1]
USBD_FS_ConfigStrDescriptor
                         0x800'43f1    0xc  Code  Gb  usbd_desc.o [1]
USBD_FS_DeviceDesc      0x2000'0110   0x14  Data  Gb  usbd_desc.o [1]
USBD_FS_DeviceDescriptor
                         0x800'4395    0x8  Code  Gb  usbd_desc.o [1]
USBD_FS_InterfaceStrDescriptor
                         0x800'4419    0xc  Code  Gb  usbd_desc.o [1]
USBD_FS_LangIDStrDescriptor
                         0x800'439d    0x8  Code  Gb  usbd_desc.o [1]
USBD_FS_ManufacturerStrDescriptor
                         0x800'43b1    0xa  Code  Gb  usbd_desc.o [1]
USBD_FS_ProductStrDescriptor
                         0x800'43a5    0xc  Code  Gb  usbd_desc.o [1]
USBD_FS_SerialStrDescriptor
                         0x800'43c5   0x2c  Code  Gb  usbd_desc.o [1]
USBD_GetString           0x800'3795   0x46  Code  Gb  usbd_ctlreq.o [1]
USBD_Get_USB_Status      0x800'2a21   0x12  Code  Gb  usbd_conf.o [1]
USBD_Init                0x800'2ecd   0x26  Code  Gb  usbd_core.o [1]
USBD_LL_ClearStallEP     0x800'29d3    0xc  Code  Gb  usbd_conf.o [1]
USBD_LL_CloseEP          0x800'29bb    0xc  Code  Gb  usbd_conf.o [1]
USBD_LL_DataInStage      0x800'3003   0xae  Code  Gb  usbd_core.o [1]
USBD_LL_DataOutStage     0x800'2f81   0x7a  Code  Gb  usbd_core.o [1]
USBD_LL_DevConnected     0x800'3145    0x4  Code  Gb  usbd_core.o [1]
USBD_LL_DevDisconnected
                         0x800'3149   0x12  Code  Gb  usbd_core.o [1]
USBD_LL_Init             0x800'2929   0x5a  Code  Gb  usbd_conf.o [1]
USBD_LL_IsStallEP        0x800'29df   0x1e  Code  Gb  usbd_conf.o [1]
USBD_LL_IsoINIncomplete
                         0x800'313d    0x4  Code  Gb  usbd_core.o [1]
USBD_LL_IsoOUTIncomplete
                         0x800'3141    0x4  Code  Gb  usbd_core.o [1]
USBD_LL_OpenEP           0x800'29a5   0x16  Code  Gb  usbd_conf.o [1]
USBD_LL_PrepareReceive   0x800'2a15    0xc  Code  Gb  usbd_conf.o [1]
USBD_LL_Reset            0x800'30b1   0x52  Code  Gb  usbd_core.o [1]
USBD_LL_Resume           0x800'3119    0xc  Code  Gb  usbd_core.o [1]
USBD_LL_SOF              0x800'3125   0x18  Code  Gb  usbd_core.o [1]
USBD_LL_SetSpeed         0x800'3103    0x6  Code  Gb  usbd_core.o [1]
USBD_LL_SetUSBAddress    0x800'29fd    0xc  Code  Gb  usbd_conf.o [1]
USBD_LL_SetupStage       0x800'2f2d   0x54  Code  Gb  usbd_core.o [1]
USBD_LL_StallEP          0x800'29c7    0xc  Code  Gb  usbd_conf.o [1]
USBD_LL_Start            0x800'2995    0xa  Code  Gb  usbd_conf.o [1]
USBD_LL_Suspend          0x800'3109   0x10  Code  Gb  usbd_core.o [1]
USBD_LL_Transmit         0x800'2a09    0xc  Code  Gb  usbd_conf.o [1]
USBD_LangIDDesc         0x2000'0124    0x4  Data  Gb  usbd_desc.o [1]
USBD_ParseSetupRequest   0x800'3755   0x2a  Code  Gb  usbd_ctlreq.o [1]
USBD_RegisterClass       0x800'2ef3   0x10  Code  Gb  usbd_core.o [1]
USBD_SetClassConfig      0x800'2f0d   0x16  Code  Gb  usbd_core.o [1]
USBD_SetConfig::cfgidx  0x2000'0c74    0x1  Data  Lc  usbd_ctlreq.o [1]
USBD_Start               0x800'2f03    0xa  Code  Gb  usbd_core.o [1]
USBD_StdDevReq           0x800'3399  0x23a  Code  Gb  usbd_ctlreq.o [1]
USBD_StdEPReq            0x800'362d  0x11a  Code  Gb  usbd_ctlreq.o [1]
USBD_StdItfReq           0x800'35d9   0x42  Code  Gb  usbd_ctlreq.o [1]
USBD_StrDesc            0x2000'07ec  0x200  Data  Gb  usbd_desc.o [1]
USBD_StringSerial       0x2000'0128   0x1c  Data  Gb  usbd_desc.o [1]
USB_ActivateEndpoint     0x800'19f3   0x5e  Code  Gb  stm32f4xx_ll_usb.o [1]
USB_ActivateSetup        0x800'1e4d   0x2a  Code  Gb  stm32f4xx_ll_usb.o [1]
USB_CoreInit             0x800'16b1   0x78  Code  Gb  stm32f4xx_ll_usb.o [1]
USB_CoreReset            0x800'1ebb   0x2a  Code  Lc  stm32f4xx_ll_usb.o [1]
USB_DeactivateEndpoint   0x800'1a6d   0x60  Code  Gb  stm32f4xx_ll_usb.o [1]
USB_DevConnect           0x800'1dbd    0xe  Code  Gb  stm32f4xx_ll_usb.o [1]
USB_DevDisconnect        0x800'1dcb    0xc  Code  Gb  stm32f4xx_ll_usb.o [1]
USB_DevInit              0x800'1833  0x162  Code  Gb  stm32f4xx_ll_usb.o [1]
USB_DisableGlobalInt     0x800'17ff    0x6  Code  Gb  stm32f4xx_ll_usb.o [1]
USB_EP0StartXfer         0x800'1c35   0xc8  Code  Gb  stm32f4xx_ll_usb.o [1]
USB_EP0_OutStart         0x800'1e77   0x44  Code  Gb  stm32f4xx_ll_usb.o [1]
USB_EPClearStall         0x800'1d6f   0x32  Code  Gb  stm32f4xx_ll_usb.o [1]
USB_EPSetStall           0x800'1d3f   0x30  Code  Gb  stm32f4xx_ll_usb.o [1]
USB_EPStartXfer          0x800'1ad9  0x15c  Code  Gb  stm32f4xx_ll_usb.o [1]
USB_EnableGlobalInt      0x800'17f7    0x8  Code  Gb  stm32f4xx_ll_usb.o [1]
USB_FlushRxFifo          0x800'19b3   0x1a  Code  Gb  stm32f4xx_ll_usb.o [1]
USB_FlushTxFifo          0x800'1995   0x1e  Code  Gb  stm32f4xx_ll_usb.o [1]
USB_GetDevSpeed          0x800'19d7   0x1c  Code  Gb  stm32f4xx_ll_usb.o [1]
USB_GetMode              0x800'1e45    0x8  Code  Gb  stm32f4xx_ll_usb.o [1]
USB_ReadDevAllInEpInterrupt
                         0x800'1dfb    0xe  Code  Gb  stm32f4xx_ll_usb.o [1]
USB_ReadDevAllOutEpInterrupt
                         0x800'1ded    0xe  Code  Gb  stm32f4xx_ll_usb.o [1]
USB_ReadDevInEPInterrupt
                         0x800'1e1f   0x26  Code  Gb  stm32f4xx_ll_usb.o [1]
USB_ReadDevOutEPInterrupt
                         0x800'1e09   0x16  Code  Gb  stm32f4xx_ll_usb.o [1]
USB_ReadInterrupts       0x800'1de3    0xa  Code  Gb  stm32f4xx_ll_usb.o [1]
USB_ReadPacket           0x800'1d21   0x1e  Code  Gb  stm32f4xx_ll_usb.o [1]
USB_SetCurrentMode       0x800'180b   0x28  Code  Gb  stm32f4xx_ll_usb.o [1]
USB_SetDevAddress        0x800'1da1   0x16  Code  Gb  stm32f4xx_ll_usb.o [1]
USB_SetDevSpeed          0x800'19cd    0xa  Code  Gb  stm32f4xx_ll_usb.o [1]
USB_SetTurnaroundTime    0x800'1729   0xce  Code  Gb  stm32f4xx_ll_usb.o [1]
USB_WritePacket          0x800'1cfd   0x24  Code  Gb  stm32f4xx_ll_usb.o [1]
UsageFault_Handler       0x800'45f1    0x2  Code  Gb  stm32f4xx_it.o [1]
__NVIC_SetPriority       0x800'2e09   0x1a  Code  Lc  stm32f4xx_hal_cortex.o [1]
__aeabi_ldiv0            0x800'3dad         Code  Gb  I64DivZer.o [4]
__aeabi_memclr4          0x800'2c45         Code  Gb  ABImemclr4.o [4]
__aeabi_memset           0x800'4329         Code  Gb  ABImemset.o [4]
__cmain                  0x800'4619         Code  Gb  cmain.o [4]
__data_GetMemChunk       0x800'1671   0x2c  Code  Gb  xgetmemchunk.o [2]
__data_GetMemChunk::start
                        0x2000'0c70    0x4  Data  Lc  xgetmemchunk.o [2]
__exit                   0x800'169d   0x14  Code  Gb  exit.o [5]
__iar_Memset             0x800'4329         Code  Gb  ABImemset.o [4]
__iar_Memset4_word       0x800'3365         Code  Gb  ABImemset48.o [4]
__iar_Memset8_word       0x800'3365         Code  Gb  ABImemset48.o [4]
__iar_Memset_word        0x800'4331         Code  Gb  ABImemset.o [4]
__iar_data_init3         0x800'457d   0x28  Code  Gb  data_init.o [4]
__iar_dlfree             0x800'110b  0x51e  Code  Gb  dlmalloc.o [2]
__iar_dlmalloc           0x800'021d  0xeee  Code  Gb  dlmalloc.o [2]
__iar_init_vfp           0x800'45a5         Code  Gb  fpinit_M.o [3]
__iar_lz77_init_single3
                         0x800'44a5   0x78  Code  Gb  lz77_init_single.o [4]
__iar_program_start      0x800'4669         Code  Gb  cstartup_M.o [4]
__iar_small_Memcpy       0x800'2a39         Code  Gb  ABImemcpy_small.o [4]
__iar_small_memcpy       0x800'2a35         Code  Gb  ABImemcpy_small.o [4]
__iar_small_memcpy4      0x800'2a35         Code  Gb  ABImemcpy_small.o [4]
__iar_small_memcpy8      0x800'2a35         Code  Gb  ABImemcpy_small.o [4]
__iar_small_uldivmod     0x800'325d         Code  Gb  I64DivMod_small.o [4]
__iar_zero_init3         0x800'1637   0x3a  Code  Gb  zero_init3.o [4]
__low_level_init         0x800'4637    0x4  Code  Gb  low_level_init.o [2]
__vector_table           0x800'0000         Data  Gb  startup_stm32f401xc.o [1]
_call_main               0x800'4625         Code  Gb  cmain.o [4]
_exit                    0x800'4641         Code  Gb  cexit.o [4]
_gm_                    0x2000'09ec  0x1d8  Data  Lc  dlmalloc.o [2]
_main                    0x800'4633         Code  Gb  cmain.o [4]
abort                    0x800'1631    0x6  Code  Gb  abort.o [2]
exit                     0x800'463b    0x4  Code  Gb  exit.o [2]
free                     0x800'438f    0x4  Code  Gb  heaptramp0.o [2]
hUsbDeviceFS            0x2000'0550  0x29c  Data  Gb  usb_device.o [1]
hi2c1                   0x2000'0bc4   0x54  Data  Gb  i2c.o [1]
hpcd_USB_OTG_FS         0x2000'0148  0x408  Data  Gb  usbd_conf.o [1]
huart1                  0x2000'0c18   0x40  Data  Gb  usart.o [1]
init_mparams             0x800'01af   0x2c  Code  Lc  dlmalloc.o [2]
init_top                 0x800'01db   0x34  Code  Lc  dlmalloc.o [2]
main                     0x800'3161   0x1c  Code  Gb  main.o [1]
memset                   0x800'3de9   0x14  Code  Gb  memset.o [4]
mparams                 0x2000'0c58   0x18  Data  Lc  dlmalloc.o [2]
segment_holding          0x800'0195   0x1a  Code  Lc  dlmalloc.o [2]
uwTick                  0x2000'0004    0x4  Data  Gb  stm32f4xx_hal.o [1]
uwTickFreq              0x2000'0000    0x1  Data  Gb  stm32f4xx_hal.o [1]
uwTickPrio              0x2000'0008    0x4  Data  Gb  stm32f4xx_hal.o [1]


[1] = E:\Project\IAR\Keyboard-70%\EWARM\Keyboard-70%\Obj
[2] = dl7M_tlf.a
[3] = m7M_tls.a
[4] = rt7M_tl.a
[5] = shb_l.a

  18'222 bytes of readonly  code memory
     218 bytes of readonly  data memory
   4'723 bytes of readwrite data memory

Errors: none
Warnings: none
